// Jest Snapshot v1, https://goo.gl/fbAQLP

exports[`<Card /> renders without crashing 1`] = `
<div
  className="List-cards"
>
  <div
    className="Card"
  >
    <h3>
      First card
    </h3>
    <p>
      lorem ipsum
    </p>
  </div>
  <div
    className="Card"
  >
    <h3>
      Second card
    </h3>
    <p>
      lorem ipsum
    </p>
  </div>
  <div
    className="Card"
  >
    <h3>
      Fifth card
    </h3>
    <p>
      lorem ipsum
    </p>
  </div>
  <div
    className="Card"
  >
    <h3>
      Sixth card
    </h3>
    <p>
      lorem ipsum
    </p>
  </div>
  <div
    className="Card"
  >
    <h3>
      Seventh card
    </h3>
    <p>
      lorem ipsum
    </p>
  </div>
  <div
    className="Card"
  >
    <h3>
      Tenth card
    </h3>
    <p>
      lorem ipsum
    </p>
  </div>
  <div
    className="Card"
  >
    <h3>
      Twelth card
    </h3>
    <p>
      lorem ipsum
    </p>
  </div>
  <div
    className="Card"
  >
    <h3>
      Thirteenth card
    </h3>
    <p>
      lorem ipsum
    </p>
  </div>
</div>
`;
